Watching for file changes with StatReloader
Internal Server Error: /
Traceback (most recent call last):
  File "/Users/andrejkrylov/Desktop/fist/legal_consultant/venv/lib/python3.9/site-packages/django/core/handlers/exception.py", line 55, in inner
    response = get_response(request)
  File "/Users/andrejkrylov/Desktop/fist/legal_consultant/venv/lib/python3.9/site-packages/django/core/handlers/base.py", line 197, in _get_response
    response = wrapped_callback(request, *callback_args, **callback_kwargs)
  File "/Users/andrejkrylov/Desktop/fist/legal_consultant/legal_consultant/core/views.py", line 203, in user_select_problem
    return render(request, 'user/select_problem.html', {'directions': directions})
  File "/Users/andrejkrylov/Desktop/fist/legal_consultant/venv/lib/python3.9/site-packages/django/shortcuts.py", line 24, in render
    content = loader.render_to_string(template_name, context, request, using=using)
  File "/Users/andrejkrylov/Desktop/fist/legal_consultant/venv/lib/python3.9/site-packages/django/template/loader.py", line 61, in render_to_string
    template = get_template(template_name, using=using)
  File "/Users/andrejkrylov/Desktop/fist/legal_consultant/venv/lib/python3.9/site-packages/django/template/loader.py", line 19, in get_template
    raise TemplateDoesNotExist(template_name, chain=chain)
django.template.exceptions.TemplateDoesNotExist: user/select_problem.html
Internal Server Error: /
Traceback (most recent call last):
  File "/Users/andrejkrylov/Desktop/fist/legal_consultant/venv/lib/python3.9/site-packages/django/core/handlers/exception.py", line 55, in inner
    response = get_response(request)
  File "/Users/andrejkrylov/Desktop/fist/legal_consultant/venv/lib/python3.9/site-packages/django/core/handlers/base.py", line 197, in _get_response
    response = wrapped_callback(request, *callback_args, **callback_kwargs)
  File "/Users/andrejkrylov/Desktop/fist/legal_consultant/legal_consultant/core/views.py", line 203, in user_select_problem
    return render(request, 'user/select_problem.html', {'directions': directions})
  File "/Users/andrejkrylov/Desktop/fist/legal_consultant/venv/lib/python3.9/site-packages/django/shortcuts.py", line 24, in render
    content = loader.render_to_string(template_name, context, request, using=using)
  File "/Users/andrejkrylov/Desktop/fist/legal_consultant/venv/lib/python3.9/site-packages/django/template/loader.py", line 61, in render_to_string
    template = get_template(template_name, using=using)
  File "/Users/andrejkrylov/Desktop/fist/legal_consultant/venv/lib/python3.9/site-packages/django/template/loader.py", line 19, in get_template
    raise TemplateDoesNotExist(template_name, chain=chain)
django.template.exceptions.TemplateDoesNotExist: user/select_problem.html
Not Found: /favicon.ico
Not Found: /apple-touch-icon-precomposed.png
Not Found: /apple-touch-icon.png
Not Found: /favicon.ico
Watching for file changes with StatReloader
Watching for file changes with StatReloader
Not Found: /result/1/
